Start runs
Running: BM=32, BN=128, BK=128, nonKDim=32
W20251226 07:58:32.258402 139866571234752 simple_timer.cpp:55] [rocprofv3] tool initialization ::     0.139695 sec
W20251226 07:58:32.258749 139866571234752 simple_timer.cpp:55] [rocprofv3] 'python test.matmul.padded.bash.py --BM 32 --BN 128 --BK 128 --nonKDim 32' ::     0.000000 sec
W20251226 07:58:33.498865 139866571234752 tool.cpp:2158] HSA version 8.18.0 initialized (instance=0)
Running benchmark with BM=32, BN=128, BK=128, MFMA_nonKDim32
E20251226 07:58:33.837162 139866571234752 output_stream.cpp:111] Opened result file: att_bm32_bn128_bk128_nonkdim32/smci355-ccs-aus-n11-29/102055_gfx950_code_object_id_1.out
E20251226 07:58:34.000721 139866571234752 output_stream.cpp:111] Opened result file: att_bm32_bn128_bk128_nonkdim32/smci355-ccs-aus-n11-29/102055_gfx950_code_object_id_2.out
E20251226 07:58:34.201989 139866571234752 output_stream.cpp:111] Opened result file: att_bm32_bn128_bk128_nonkdim32/smci355-ccs-aus-n11-29/102055_gfx950_code_object_id_3.out
E20251226 07:58:35.647379 139866571234752 output_stream.cpp:111] Opened result file: att_bm32_bn128_bk128_nonkdim32/smci355-ccs-aus-n11-29/102055_gfx950_code_object_id_4.out
E20251226 07:58:35.717921 139866571234752 output_stream.cpp:111] Opened result file: att_bm32_bn128_bk128_nonkdim32/smci355-ccs-aus-n11-29/102055_gfx950_code_object_id_5.out
E20251226 07:58:35.810733 139866571234752 output_stream.cpp:111] Opened result file: att_bm32_bn128_bk128_nonkdim32/smci355-ccs-aus-n11-29/102055_gfx950_code_object_id_6.out
E20251226 07:58:35.836867 139866571234752 output_stream.cpp:111] Opened result file: att_bm32_bn128_bk128_nonkdim32/smci355-ccs-aus-n11-29/102055_gfx950_code_object_id_7.out
E20251226 07:58:35.952567 139866571234752 output_stream.cpp:111] Opened result file: att_bm32_bn128_bk128_nonkdim32/smci355-ccs-aus-n11-29/102055_gfx950_code_object_id_8.out
E20251226 07:58:35.982124 139866571234752 output_stream.cpp:111] Opened result file: att_bm32_bn128_bk128_nonkdim32/smci355-ccs-aus-n11-29/102055_gfx950_code_object_id_9.out
E20251226 07:58:36.064036 139866571234752 output_stream.cpp:111] Opened result file: att_bm32_bn128_bk128_nonkdim32/smci355-ccs-aus-n11-29/102055_gfx950_code_object_id_10.out
E20251226 07:58:36.079458 139866571234752 output_stream.cpp:111] Opened result file: att_bm32_bn128_bk128_nonkdim32/smci355-ccs-aus-n11-29/102055_gfx950_code_object_id_11.out
E20251226 07:58:36.092079 139866571234752 output_stream.cpp:111] Opened result file: att_bm32_bn128_bk128_nonkdim32/smci355-ccs-aus-n11-29/102055_gfx950_code_object_id_12.out
✅ Triton and Torch match
E20251226 07:58:36.454357 139866571234752 output_stream.cpp:111] Opened result file: att_bm32_bn128_bk128_nonkdim32/smci355-ccs-aus-n11-29/102055_gfx950_code_object_id_13.out
E20251226 07:58:36.464330 139866571234752 output_stream.cpp:111] Opened result file: att_bm32_bn128_bk128_nonkdim32/smci355-ccs-aus-n11-29/102055_gfx950_code_object_id_14.out
E20251226 07:58:36.469538 139578386150976 output_stream.cpp:111] Opened result file: att_bm32_bn128_bk128_nonkdim32/smci355-ccs-aus-n11-29/102055_7033_shader_engine_0_32.att
E20251226 07:58:36.471392 139578386150976 output_stream.cpp:111] Opened result file: att_bm32_bn128_bk128_nonkdim32/smci355-ccs-aus-n11-29/102055_7033_shader_engine_1_32.att
E20251226 07:58:36.472169 139578386150976 output_stream.cpp:111] Opened result file: att_bm32_bn128_bk128_nonkdim32/smci355-ccs-aus-n11-29/102055_7033_shader_engine_2_32.att
E20251226 07:58:36.473811 139578386150976 output_stream.cpp:111] Opened result file: att_bm32_bn128_bk128_nonkdim32/smci355-ccs-aus-n11-29/102055_7033_shader_engine_3_32.att
matmul-performance-BM32-BN128-BK128-mfma32:
        M       N       K  Triton (TFLOPS)
0  4096.0  4096.0  4096.0       332.649884
W20251226 07:58:36.692862 139866571234752 simple_timer.cpp:55] [rocprofv3] 'python test.matmul.padded.bash.py --BM 32 --BN 128 --BK 128 --nonKDim 32' ::     4.434114 sec
E20251226 07:58:36.776269 139866571234752 output_stream.cpp:111] Opened result file: att_bm32_bn128_bk128_nonkdim32/smci355-ccs-aus-n11-29/102055_results.json
W20251226 07:58:37.557461 139866571234752 simple_timer.cpp:55] [rocprofv3] tool finalization ::     0.781584 sec
Running: BM=64, BN=128, BK=128, nonKDim=32
W20251226 07:58:38.190559 139705646149056 simple_timer.cpp:55] [rocprofv3] tool initialization ::     0.139913 sec
W20251226 07:58:38.190903 139705646149056 simple_timer.cpp:55] [rocprofv3] 'python test.matmul.padded.bash.py --BM 64 --BN 128 --BK 128 --nonKDim 32' ::     0.000000 sec
W20251226 07:58:39.412406 139705646149056 tool.cpp:2158] HSA version 8.18.0 initialized (instance=0)
Running benchmark with BM=64, BN=128, BK=128, MFMA_nonKDim32
E20251226 07:58:39.749847 139705646149056 output_stream.cpp:111] Opened result file: att_bm64_bn128_bk128_nonkdim32/smci355-ccs-aus-n11-29/102125_gfx950_code_object_id_1.out
E20251226 07:58:39.917937 139705646149056 output_stream.cpp:111] Opened result file: att_bm64_bn128_bk128_nonkdim32/smci355-ccs-aus-n11-29/102125_gfx950_code_object_id_2.out
E20251226 07:58:40.080524 139705646149056 output_stream.cpp:111] Opened result file: att_bm64_bn128_bk128_nonkdim32/smci355-ccs-aus-n11-29/102125_gfx950_code_object_id_3.out
E20251226 07:58:41.525675 139705646149056 output_stream.cpp:111] Opened result file: att_bm64_bn128_bk128_nonkdim32/smci355-ccs-aus-n11-29/102125_gfx950_code_object_id_4.out
E20251226 07:58:41.597104 139705646149056 output_stream.cpp:111] Opened result file: att_bm64_bn128_bk128_nonkdim32/smci355-ccs-aus-n11-29/102125_gfx950_code_object_id_5.out
E20251226 07:58:41.689631 139705646149056 output_stream.cpp:111] Opened result file: att_bm64_bn128_bk128_nonkdim32/smci355-ccs-aus-n11-29/102125_gfx950_code_object_id_6.out
E20251226 07:58:41.715389 139705646149056 output_stream.cpp:111] Opened result file: att_bm64_bn128_bk128_nonkdim32/smci355-ccs-aus-n11-29/102125_gfx950_code_object_id_7.out
E20251226 07:58:41.810083 139705646149056 output_stream.cpp:111] Opened result file: att_bm64_bn128_bk128_nonkdim32/smci355-ccs-aus-n11-29/102125_gfx950_code_object_id_8.out
E20251226 07:58:41.841045 139705646149056 output_stream.cpp:111] Opened result file: att_bm64_bn128_bk128_nonkdim32/smci355-ccs-aus-n11-29/102125_gfx950_code_object_id_9.out
E20251226 07:58:41.923059 139705646149056 output_stream.cpp:111] Opened result file: att_bm64_bn128_bk128_nonkdim32/smci355-ccs-aus-n11-29/102125_gfx950_code_object_id_10.out
E20251226 07:58:41.938613 139705646149056 output_stream.cpp:111] Opened result file: att_bm64_bn128_bk128_nonkdim32/smci355-ccs-aus-n11-29/102125_gfx950_code_object_id_11.out
E20251226 07:58:41.951465 139705646149056 output_stream.cpp:111] Opened result file: att_bm64_bn128_bk128_nonkdim32/smci355-ccs-aus-n11-29/102125_gfx950_code_object_id_12.out
✅ Triton and Torch match
E20251226 07:58:42.316194 139705646149056 output_stream.cpp:111] Opened result file: att_bm64_bn128_bk128_nonkdim32/smci355-ccs-aus-n11-29/102125_gfx950_code_object_id_13.out
E20251226 07:58:42.326109 139705646149056 output_stream.cpp:111] Opened result file: att_bm64_bn128_bk128_nonkdim32/smci355-ccs-aus-n11-29/102125_gfx950_code_object_id_14.out
E20251226 07:58:42.330808 139417408763456 output_stream.cpp:111] Opened result file: att_bm64_bn128_bk128_nonkdim32/smci355-ccs-aus-n11-29/102125_6988_shader_engine_0_32.att
E20251226 07:58:42.332586 139417408763456 output_stream.cpp:111] Opened result file: att_bm64_bn128_bk128_nonkdim32/smci355-ccs-aus-n11-29/102125_6988_shader_engine_1_32.att
E20251226 07:58:42.333168 139417408763456 output_stream.cpp:111] Opened result file: att_bm64_bn128_bk128_nonkdim32/smci355-ccs-aus-n11-29/102125_6988_shader_engine_2_32.att
E20251226 07:58:42.334274 139417408763456 output_stream.cpp:111] Opened result file: att_bm64_bn128_bk128_nonkdim32/smci355-ccs-aus-n11-29/102125_6988_shader_engine_3_32.att
matmul-performance-BM64-BN128-BK128-mfma32:
        M       N       K  Triton (TFLOPS)
0  4096.0  4096.0  4096.0       477.744422
W20251226 07:58:42.543561 139705646149056 simple_timer.cpp:55] [rocprofv3] 'python test.matmul.padded.bash.py --BM 64 --BN 128 --BK 128 --nonKDim 32' ::     4.352658 sec
E20251226 07:58:42.627522 139705646149056 output_stream.cpp:111] Opened result file: att_bm64_bn128_bk128_nonkdim32/smci355-ccs-aus-n11-29/102125_results.json
W20251226 07:58:43.156493 139705646149056 simple_timer.cpp:55] [rocprofv3] tool finalization ::     0.529367 sec
Running: BM=128, BN=128, BK=128, nonKDim=32
W20251226 07:58:43.791439 140650270895552 simple_timer.cpp:55] [rocprofv3] tool initialization ::     0.139923 sec
W20251226 07:58:43.791790 140650270895552 simple_timer.cpp:55] [rocprofv3] 'python test.matmul.padded.bash.py --BM 128 --BN 128 --BK 128 --nonKDim 32' ::     0.000000 sec
W20251226 07:58:45.038450 140650270895552 tool.cpp:2158] HSA version 8.18.0 initialized (instance=0)
Running benchmark with BM=128, BN=128, BK=128, MFMA_nonKDim32
E20251226 07:58:45.378094 140650270895552 output_stream.cpp:111] Opened result file: att_bm128_bn128_bk128_nonkdim32/smci355-ccs-aus-n11-29/102195_gfx950_code_object_id_1.out
E20251226 07:58:45.567994 140650270895552 output_stream.cpp:111] Opened result file: att_bm128_bn128_bk128_nonkdim32/smci355-ccs-aus-n11-29/102195_gfx950_code_object_id_2.out
E20251226 07:58:45.759791 140650270895552 output_stream.cpp:111] Opened result file: att_bm128_bn128_bk128_nonkdim32/smci355-ccs-aus-n11-29/102195_gfx950_code_object_id_3.out
E20251226 07:58:47.204179 140650270895552 output_stream.cpp:111] Opened result file: att_bm128_bn128_bk128_nonkdim32/smci355-ccs-aus-n11-29/102195_gfx950_code_object_id_4.out
E20251226 07:58:47.275662 140650270895552 output_stream.cpp:111] Opened result file: att_bm128_bn128_bk128_nonkdim32/smci355-ccs-aus-n11-29/102195_gfx950_code_object_id_5.out
E20251226 07:58:47.370442 140650270895552 output_stream.cpp:111] Opened result file: att_bm128_bn128_bk128_nonkdim32/smci355-ccs-aus-n11-29/102195_gfx950_code_object_id_6.out
E20251226 07:58:47.396332 140650270895552 output_stream.cpp:111] Opened result file: att_bm128_bn128_bk128_nonkdim32/smci355-ccs-aus-n11-29/102195_gfx950_code_object_id_7.out
E20251226 07:58:47.503509 140650270895552 output_stream.cpp:111] Opened result file: att_bm128_bn128_bk128_nonkdim32/smci355-ccs-aus-n11-29/102195_gfx950_code_object_id_8.out
E20251226 07:58:47.533517 140650270895552 output_stream.cpp:111] Opened result file: att_bm128_bn128_bk128_nonkdim32/smci355-ccs-aus-n11-29/102195_gfx950_code_object_id_9.out
E20251226 07:58:47.628264 140650270895552 output_stream.cpp:111] Opened result file: att_bm128_bn128_bk128_nonkdim32/smci355-ccs-aus-n11-29/102195_gfx950_code_object_id_10.out
E20251226 07:58:47.643735 140650270895552 output_stream.cpp:111] Opened result file: att_bm128_bn128_bk128_nonkdim32/smci355-ccs-aus-n11-29/102195_gfx950_code_object_id_11.out
E20251226 07:58:47.656231 140650270895552 output_stream.cpp:111] Opened result file: att_bm128_bn128_bk128_nonkdim32/smci355-ccs-aus-n11-29/102195_gfx950_code_object_id_12.out
✅ Triton and Torch match
E20251226 07:58:48.023646 140650270895552 output_stream.cpp:111] Opened result file: att_bm128_bn128_bk128_nonkdim32/smci355-ccs-aus-n11-29/102195_gfx950_code_object_id_13.out
E20251226 07:58:48.033528 140650270895552 output_stream.cpp:111] Opened result file: att_bm128_bn128_bk128_nonkdim32/smci355-ccs-aus-n11-29/102195_gfx950_code_object_id_14.out
E20251226 07:58:48.037699 140362083464768 output_stream.cpp:111] Opened result file: att_bm128_bn128_bk128_nonkdim32/smci355-ccs-aus-n11-29/102195_34188_shader_engine_0_32.att
E20251226 07:58:48.039043 140362083464768 output_stream.cpp:111] Opened result file: att_bm128_bn128_bk128_nonkdim32/smci355-ccs-aus-n11-29/102195_34188_shader_engine_1_32.att
E20251226 07:58:48.039537 140362083464768 output_stream.cpp:111] Opened result file: att_bm128_bn128_bk128_nonkdim32/smci355-ccs-aus-n11-29/102195_34188_shader_engine_2_32.att
E20251226 07:58:48.040443 140362083464768 output_stream.cpp:111] Opened result file: att_bm128_bn128_bk128_nonkdim32/smci355-ccs-aus-n11-29/102195_34188_shader_engine_3_32.att
matmul-performance-BM128-BN128-BK128-mfma32:
        M       N       K  Triton (TFLOPS)
0  4096.0  4096.0  4096.0       723.964945
W20251226 07:58:48.246112 140650270895552 simple_timer.cpp:55] [rocprofv3] 'python test.matmul.padded.bash.py --BM 128 --BN 128 --BK 128 --nonKDim 32' ::     4.454322 sec
E20251226 07:58:48.329084 140650270895552 output_stream.cpp:111] Opened result file: att_bm128_bn128_bk128_nonkdim32/smci355-ccs-aus-n11-29/102195_results.json
W20251226 07:58:48.734143 140650270895552 simple_timer.cpp:55] [rocprofv3] tool finalization ::     0.405451 sec
All runs completed!
